url: 'https://api.telegram.org/bot3f3814e1-5836-3d77-904e-60f64b15df36/sendMessage'
payload:
    text: test
    chat_id: '-123456789'
    parse_mode: MarkdownV2
    reply_to_message_id: 123456
files: {  }
