url: 'https://api.telegram.org/bot3f3814e1-5836-3d77-904e-60f64b15df36/setChatMenuButton'
payload:
    menu_button: '{"type":"web_app","text":"VISIT","web_app":{"url":"https:\/\/www.telegram.org"}}'
files: {  }
